
  .   ____          _            __ _ _
 /\\ / ___'_ __ _ _(_)_ __  __ _ \ \ \ \
( ( )\___ | '_ | '_| | '_ \/ _` | \ \ \ \
 \\/  ___)| |_)| | | | | || (_| |  ) ) ) )
  '  |____| .__|_| |_|_| |_\__, | / / / /
 =========|_|==============|___/=/_/_/_/

 :: Spring Boot ::                (v3.5.3)

2025-08-01T23:53:46.642+09:00  INFO 22016 --- [spring-gift] [           main] gift.Application                         : Starting Application v0.0.1-SNAPSHOT using Java 21.0.8 with PID 22016 (C:\Users\user\IdeaProjects\spring-gift-order\build\libs\spring-gift-0.0.1-SNAPSHOT.jar started by user in C:\Users\user\IdeaProjects\spring-gift-order)
2025-08-01T23:53:46.643+09:00  INFO 22016 --- [spring-gift] [           main] gift.Application                         : No active profile set, falling back to 1 default profile: "default"
2025-08-01T23:53:47.230+09:00  INFO 22016 --- [spring-gift] [           main] .s.d.r.c.RepositoryConfigurationDelegate : Bootstrapping Spring Data JPA repositories in DEFAULT mode.
2025-08-01T23:53:47.308+09:00  INFO 22016 --- [spring-gift] [           main] .s.d.r.c.RepositoryConfigurationDelegate : Finished Spring Data repository scanning in 73 ms. Found 5 JPA repository interfaces.
2025-08-01T23:53:47.747+09:00  INFO 22016 --- [spring-gift] [           main] o.s.b.w.embedded.tomcat.TomcatWebServer  : Tomcat initialized with port 8080 (http)
2025-08-01T23:53:47.760+09:00  INFO 22016 --- [spring-gift] [           main] o.apache.catalina.core.StandardService   : Starting service [Tomcat]
2025-08-01T23:53:47.760+09:00  INFO 22016 --- [spring-gift] [           main] o.apache.catalina.core.StandardEngine    : Starting Servlet engine: [Apache Tomcat/10.1.42]
2025-08-01T23:53:47.792+09:00  INFO 22016 --- [spring-gift] [           main] o.a.c.c.C.[Tomcat].[localhost].[/]       : Initializing Spring embedded WebApplicationContext
2025-08-01T23:53:47.793+09:00  INFO 22016 --- [spring-gift] [           main] w.s.c.ServletWebServerApplicationContext : Root WebApplicationContext: initialization completed in 1122 ms
2025-08-01T23:53:47.856+09:00  INFO 22016 --- [spring-gift] [           main] com.zaxxer.hikari.HikariDataSource       : HikariPool-1 - Starting...
2025-08-01T23:53:47.992+09:00  INFO 22016 --- [spring-gift] [           main] com.zaxxer.hikari.pool.HikariPool        : HikariPool-1 - Added connection conn0: url=jdbc:h2:mem:testdb user=SA
2025-08-01T23:53:47.993+09:00  INFO 22016 --- [spring-gift] [           main] com.zaxxer.hikari.HikariDataSource       : HikariPool-1 - Start completed.
2025-08-01T23:53:48.125+09:00  INFO 22016 --- [spring-gift] [           main] o.hibernate.jpa.internal.util.LogHelper  : HHH000204: Processing PersistenceUnitInfo [name: default]
2025-08-01T23:53:48.209+09:00  INFO 22016 --- [spring-gift] [           main] org.hibernate.Version                    : HHH000412: Hibernate ORM core version 6.6.18.Final
2025-08-01T23:53:48.247+09:00  INFO 22016 --- [spring-gift] [           main] o.h.c.internal.RegionFactoryInitiator    : HHH000026: Second-level cache disabled
2025-08-01T23:53:48.442+09:00  INFO 22016 --- [spring-gift] [           main] o.s.o.j.p.SpringPersistenceUnitInfo      : No LoadTimeWeaver setup: ignoring JPA class transformer
2025-08-01T23:53:48.468+09:00  WARN 22016 --- [spring-gift] [           main] org.hibernate.orm.deprecation            : HHH90000025: H2Dialect does not need to be specified explicitly using 'hibernate.dialect' (remove the property setting and it will be selected by default)
2025-08-01T23:53:48.475+09:00  INFO 22016 --- [spring-gift] [           main] org.hibernate.orm.connections.pooling    : HHH10001005: Database info:
	Database JDBC URL [Connecting through datasource 'HikariDataSource (HikariPool-1)']
	Database driver: undefined/unknown
	Database version: 2.3.232
	Autocommit mode: undefined/unknown
	Isolation level: undefined/unknown
	Minimum pool size: undefined/unknown
	Maximum pool size: undefined/unknown
2025-08-01T23:53:48.987+09:00  INFO 22016 --- [spring-gift] [           main] o.h.e.t.j.p.i.JtaPlatformInitiator       : HHH000489: No JTA platform available (set 'hibernate.transaction.jta.platform' to enable JTA platform integration)
2025-08-01T23:53:48.989+09:00  INFO 22016 --- [spring-gift] [           main] j.LocalContainerEntityManagerFactoryBean : Initialized JPA EntityManagerFactory for persistence unit 'default'
2025-08-01T23:53:49.564+09:00  INFO 22016 --- [spring-gift] [           main] o.s.d.j.r.query.QueryEnhancerFactory     : Hibernate is in classpath; If applicable, HQL parser will be used.
2025-08-01T23:53:49.894+09:00  WARN 22016 --- [spring-gift] [           main] JpaBaseConfiguration$JpaWebConfiguration : spring.jpa.open-in-view is enabled by default. Therefore, database queries may be performed during view rendering. Explicitly configure spring.jpa.open-in-view to disable this warning
2025-08-01T23:53:50.169+09:00  INFO 22016 --- [spring-gift] [           main] o.s.b.a.h2.H2ConsoleAutoConfiguration    : H2 console available at '/h2-console'. Database available at 'jdbc:h2:mem:testdb'
2025-08-01T23:53:50.243+09:00  INFO 22016 --- [spring-gift] [           main] o.s.b.w.embedded.tomcat.TomcatWebServer  : Tomcat started on port 8080 (http) with context path '/'
2025-08-01T23:53:50.261+09:00  INFO 22016 --- [spring-gift] [           main] gift.Application                         : Started Application in 3.885 seconds (process running for 4.261)
2025-08-01T23:54:24.911+09:00  INFO 22016 --- [spring-gift] [nio-8080-exec-2] o.a.c.c.C.[Tomcat].[localhost].[/]       : Initializing Spring DispatcherServlet 'dispatcherServlet'
2025-08-01T23:54:24.911+09:00  INFO 22016 --- [spring-gift] [nio-8080-exec-2] o.s.web.servlet.DispatcherServlet        : Initializing Servlet 'dispatcherServlet'
2025-08-01T23:54:24.911+09:00  INFO 22016 --- [spring-gift] [nio-8080-exec-2] o.s.web.servlet.DispatcherServlet        : Completed initialization in 0 ms
Hibernate: 
    select
        m1_0.id,
        m1_0.email,
        m1_0.password 
    from
        member m1_0 
    where
        m1_0.email=?
Hibernate: 
    insert 
    into
        member
        (email, password, id) 
    values
        (?, ?, default)
Hibernate: 
    select
        p1_0.id,
        p1_0.image_url,
        p1_0.name,
        p1_0.price 
    from
        product p1_0 
    order by
        p1_0.id 
    offset
        ? rows 
    fetch
        first ? rows only
Hibernate: 
    select
        count(p1_0.id) 
    from
        product p1_0
Hibernate: 
    select
        o1_0.product_id,
        o1_0.id,
        o1_0.name,
        o1_0.quantity 
    from
        product_option o1_0 
    where
        o1_0.product_id=?
Hibernate: 
    select
        o1_0.product_id,
        o1_0.id,
        o1_0.name,
        o1_0.quantity 
    from
        product_option o1_0 
    where
        o1_0.product_id=?
Hibernate: 
    select
        o1_0.product_id,
        o1_0.id,
        o1_0.name,
        o1_0.quantity 
    from
        product_option o1_0 
    where
        o1_0.product_id=?
Hibernate: 
    select
        o1_0.product_id,
        o1_0.id,
        o1_0.name,
        o1_0.quantity 
    from
        product_option o1_0 
    where
        o1_0.product_id=?
Hibernate: 
    select
        o1_0.product_id,
        o1_0.id,
        o1_0.name,
        o1_0.quantity 
    from
        product_option o1_0 
    where
        o1_0.product_id=?
Hibernate: 
    select
        m1_0.id,
        m1_0.email,
        m1_0.password 
    from
        member m1_0 
    where
        m1_0.id=?
Hibernate: 
    select
        w1_0.id,
        w1_0.member_id,
        w1_0.option_id,
        w1_0.product_id 
    from
        wish w1_0 
    where
        w1_0.member_id=?
2025-08-01T23:54:31.593+09:00  WARN 22016 --- [spring-gift] [nio-8080-exec-9] .w.s.m.s.DefaultHandlerExceptionResolver : Resolved [org.springframework.web.bind.MissingServletRequestParameterException: Required request parameter 'optionId' for method parameter type Long is present but converted to null]
Hibernate: 
    select
        po1_0.id,
        po1_0.name,
        po1_0.product_id,
        po1_0.quantity 
    from
        product_option po1_0 
    where
        po1_0.id=?
Hibernate: 
    insert 
    into
        orders
        (message, option_id, order_date_time, quantity, id) 
    values
        (?, ?, ?, ?, default)
Hibernate: 
    delete 
    from
        wish w1_0 
    where
        w1_0.option_id=?
Hibernate: 
    select
        p1_0.id,
        p1_0.image_url,
        p1_0.name,
        p1_0.price 
    from
        product p1_0 
    where
        p1_0.id=?
Hibernate: 
    update
        product_option 
    set
        name=?,
        product_id=?,
        quantity=? 
    where
        id=?
